// Jest Snapshot v1, https://goo.gl/fbAQLP

exports[`alert does not render a message if props is empty 1`] = `<DocumentFragment />`;
